<?xml version="1.0" encoding="ISO-8859-1" ?>
<link_info>
   <banner>TI ARM Linker Unix v20.2.7.LTS</banner>
   <copyright>Copyright (c) 1996-2018 Texas Instruments Incorporated</copyright>
   <link_time>0x64e84a5d</link_time>
   <link_errors>0x0</link_errors>
   <output_file>SCI_TEST.out</output_file>
   <entry_point>
      <name>_c_int00</name>
      <address>0x791c</address>
   </entry_point>
   <input_file_list>
      <input_file id="fl-3">
         <path>CMakeFiles/SCI_TEST.out.dir/source/</path>
         <kind>object</kind>
         <file>dabort.asm.obj</file>
         <name>dabort.asm.obj</name>
      </input_file>
      <input_file id="fl-4">
         <path>CMakeFiles/SCI_TEST.out.dir/source/</path>
         <kind>object</kind>
         <file>errata_SSWF021_45.c.obj</file>
         <name>errata_SSWF021_45.c.obj</name>
      </input_file>
      <input_file id="fl-5">
         <path>CMakeFiles/SCI_TEST.out.dir/source/</path>
         <kind>object</kind>
         <file>esm.c.obj</file>
         <name>esm.c.obj</name>
      </input_file>
      <input_file id="fl-6">
         <path>CMakeFiles/SCI_TEST.out.dir/source/</path>
         <kind>object</kind>
         <file>gio.c.obj</file>
         <name>gio.c.obj</name>
      </input_file>
      <input_file id="fl-7">
         <path>CMakeFiles/SCI_TEST.out.dir/source/</path>
         <kind>object</kind>
         <file>het.c.obj</file>
         <name>het.c.obj</name>
      </input_file>
      <input_file id="fl-8">
         <path>CMakeFiles/SCI_TEST.out.dir/source/</path>
         <kind>object</kind>
         <file>notification.c.obj</file>
         <name>notification.c.obj</name>
      </input_file>
      <input_file id="fl-9">
         <path>CMakeFiles/SCI_TEST.out.dir/source/</path>
         <kind>object</kind>
         <file>pinmux.c.obj</file>
         <name>pinmux.c.obj</name>
      </input_file>
      <input_file id="fl-a">
         <path>CMakeFiles/SCI_TEST.out.dir/source/</path>
         <kind>object</kind>
         <file>rti.c.obj</file>
         <name>rti.c.obj</name>
      </input_file>
      <input_file id="fl-b">
         <path>CMakeFiles/SCI_TEST.out.dir/source/</path>
         <kind>object</kind>
         <file>rti_delay.c.obj</file>
         <name>rti_delay.c.obj</name>
      </input_file>
      <input_file id="fl-c">
         <path>CMakeFiles/SCI_TEST.out.dir/source/</path>
         <kind>object</kind>
         <file>sci.c.obj</file>
         <name>sci.c.obj</name>
      </input_file>
      <input_file id="fl-d">
         <path>CMakeFiles/SCI_TEST.out.dir/source/</path>
         <kind>object</kind>
         <file>sys_core.asm.obj</file>
         <name>sys_core.asm.obj</name>
      </input_file>
      <input_file id="fl-e">
         <path>CMakeFiles/SCI_TEST.out.dir/source/</path>
         <kind>object</kind>
         <file>sys_dma.c.obj</file>
         <name>sys_dma.c.obj</name>
      </input_file>
      <input_file id="fl-f">
         <path>CMakeFiles/SCI_TEST.out.dir/source/</path>
         <kind>object</kind>
         <file>sys_intvecs.asm.obj</file>
         <name>sys_intvecs.asm.obj</name>
      </input_file>
      <input_file id="fl-10">
         <path>CMakeFiles/SCI_TEST.out.dir/source/</path>
         <kind>object</kind>
         <file>sys_main.c.obj</file>
         <name>sys_main.c.obj</name>
      </input_file>
      <input_file id="fl-11">
         <path>CMakeFiles/SCI_TEST.out.dir/source/</path>
         <kind>object</kind>
         <file>sys_mpu.asm.obj</file>
         <name>sys_mpu.asm.obj</name>
      </input_file>
      <input_file id="fl-12">
         <path>CMakeFiles/SCI_TEST.out.dir/source/</path>
         <kind>object</kind>
         <file>sys_pcr.c.obj</file>
         <name>sys_pcr.c.obj</name>
      </input_file>
      <input_file id="fl-13">
         <path>CMakeFiles/SCI_TEST.out.dir/source/</path>
         <kind>object</kind>
         <file>sys_phantom.c.obj</file>
         <name>sys_phantom.c.obj</name>
      </input_file>
      <input_file id="fl-14">
         <path>CMakeFiles/SCI_TEST.out.dir/source/</path>
         <kind>object</kind>
         <file>sys_pmm.c.obj</file>
         <name>sys_pmm.c.obj</name>
      </input_file>
      <input_file id="fl-15">
         <path>CMakeFiles/SCI_TEST.out.dir/source/</path>
         <kind>object</kind>
         <file>sys_pmu.asm.obj</file>
         <name>sys_pmu.asm.obj</name>
      </input_file>
      <input_file id="fl-16">
         <path>CMakeFiles/SCI_TEST.out.dir/source/</path>
         <kind>object</kind>
         <file>sys_selftest.c.obj</file>
         <name>sys_selftest.c.obj</name>
      </input_file>
      <input_file id="fl-17">
         <path>CMakeFiles/SCI_TEST.out.dir/source/</path>
         <kind>object</kind>
         <file>sys_startup.c.obj</file>
         <name>sys_startup.c.obj</name>
      </input_file>
      <input_file id="fl-18">
         <path>CMakeFiles/SCI_TEST.out.dir/source/</path>
         <kind>object</kind>
         <file>sys_vim.c.obj</file>
         <name>sys_vim.c.obj</name>
      </input_file>
      <input_file id="fl-19">
         <path>CMakeFiles/SCI_TEST.out.dir/source/</path>
         <kind>object</kind>
         <file>system.c.obj</file>
         <name>system.c.obj</name>
      </input_file>
      <input_file id="fl-1c">
         <kind>object</kind>
         <file>&lt;internal&gt;</file>
         <name>&lt;internal&gt;</name>
      </input_file>
      <input_file id="fl-1d">
         <path>/Applications/ti/ccs1220/ccs/tools/compiler/ti-cgt-arm_20.2.7.LTS/lib/</path>
         <kind>archive</kind>
         <file>rtsv7R4_T_be_v3D16_eabi.lib</file>
         <name>s_floor.c.obj</name>
      </input_file>
      <input_file id="fl-1e">
         <path>/Applications/ti/ccs1220/ccs/tools/compiler/ti-cgt-arm_20.2.7.LTS/lib/</path>
         <kind>archive</kind>
         <file>rtsv7R4_T_be_v3D16_eabi.lib</file>
         <name>printf.c.obj</name>
      </input_file>
      <input_file id="fl-1f">
         <path>/Applications/ti/ccs1220/ccs/tools/compiler/ti-cgt-arm_20.2.7.LTS/lib/</path>
         <kind>archive</kind>
         <file>rtsv7R4_T_be_v3D16_eabi.lib</file>
         <name>_printfi.c.obj</name>
      </input_file>
      <input_file id="fl-20">
         <path>/Applications/ti/ccs1220/ccs/tools/compiler/ti-cgt-arm_20.2.7.LTS/lib/</path>
         <kind>archive</kind>
         <file>rtsv7R4_T_be_v3D16_eabi.lib</file>
         <name>memcpy_t2.asm.obj</name>
      </input_file>
      <input_file id="fl-21">
         <path>/Applications/ti/ccs1220/ccs/tools/compiler/ti-cgt-arm_20.2.7.LTS/lib/</path>
         <kind>archive</kind>
         <file>rtsv7R4_T_be_v3D16_eabi.lib</file>
         <name>memset_t2.asm.obj</name>
      </input_file>
      <input_file id="fl-22">
         <path>/Applications/ti/ccs1220/ccs/tools/compiler/ti-cgt-arm_20.2.7.LTS/lib/</path>
         <kind>archive</kind>
         <file>rtsv7R4_T_be_v3D16_eabi.lib</file>
         <name>u_div32.asm.obj</name>
      </input_file>
      <input_file id="fl-23">
         <path>/Applications/ti/ccs1220/ccs/tools/compiler/ti-cgt-arm_20.2.7.LTS/lib/</path>
         <kind>archive</kind>
         <file>rtsv7R4_T_be_v3D16_eabi.lib</file>
         <name>ull_div32.asm.obj</name>
      </input_file>
      <input_file id="fl-24">
         <path>/Applications/ti/ccs1220/ccs/tools/compiler/ti-cgt-arm_20.2.7.LTS/lib/</path>
         <kind>archive</kind>
         <file>rtsv7R4_T_be_v3D16_eabi.lib</file>
         <name>autoinit.c.obj</name>
      </input_file>
      <input_file id="fl-25">
         <path>/Applications/ti/ccs1220/ccs/tools/compiler/ti-cgt-arm_20.2.7.LTS/lib/</path>
         <kind>archive</kind>
         <file>rtsv7R4_T_be_v3D16_eabi.lib</file>
         <name>cpy_tbl.c.obj</name>
      </input_file>
      <input_file id="fl-26">
         <path>/Applications/ti/ccs1220/ccs/tools/compiler/ti-cgt-arm_20.2.7.LTS/lib/</path>
         <kind>archive</kind>
         <file>rtsv7R4_T_be_v3D16_eabi.lib</file>
         <name>copy_zero_init.c.obj</name>
      </input_file>
      <input_file id="fl-27">
         <path>/Applications/ti/ccs1220/ccs/tools/compiler/ti-cgt-arm_20.2.7.LTS/lib/</path>
         <kind>archive</kind>
         <file>rtsv7R4_T_be_v3D16_eabi.lib</file>
         <name>copy_decompress_none.c.obj</name>
      </input_file>
      <input_file id="fl-28">
         <path>/Applications/ti/ccs1220/ccs/tools/compiler/ti-cgt-arm_20.2.7.LTS/lib/</path>
         <kind>archive</kind>
         <file>rtsv7R4_T_be_v3D16_eabi.lib</file>
         <name>copy_decompress_lzss.c.obj</name>
      </input_file>
      <input_file id="fl-29">
         <path>/Applications/ti/ccs1220/ccs/tools/compiler/ti-cgt-arm_20.2.7.LTS/lib/</path>
         <kind>archive</kind>
         <file>rtsv7R4_T_be_v3D16_eabi.lib</file>
         <name>exit.c.obj</name>
      </input_file>
      <input_file id="fl-2a">
         <path>/Applications/ti/ccs1220/ccs/tools/compiler/ti-cgt-arm_20.2.7.LTS/lib/</path>
         <kind>archive</kind>
         <file>rtsv7R4_T_be_v3D16_eabi.lib</file>
         <name>_lock.c.obj</name>
      </input_file>
      <input_file id="fl-2b">
         <path>/Applications/ti/ccs1220/ccs/tools/compiler/ti-cgt-arm_20.2.7.LTS/lib/</path>
         <kind>archive</kind>
         <file>rtsv7R4_T_be_v3D16_eabi.lib</file>
         <name>_ltoa.c.obj</name>
      </input_file>
      <input_file id="fl-2c">
         <path>/Applications/ti/ccs1220/ccs/tools/compiler/ti-cgt-arm_20.2.7.LTS/lib/</path>
         <kind>archive</kind>
         <file>rtsv7R4_T_be_v3D16_eabi.lib</file>
         <name>atoi.c.obj</name>
      </input_file>
      <input_file id="fl-2d">
         <path>/Applications/ti/ccs1220/ccs/tools/compiler/ti-cgt-arm_20.2.7.LTS/lib/</path>
         <kind>archive</kind>
         <file>rtsv7R4_T_be_v3D16_eabi.lib</file>
         <name>ctype.c.obj</name>
      </input_file>
      <input_file id="fl-2e">
         <path>/Applications/ti/ccs1220/ccs/tools/compiler/ti-cgt-arm_20.2.7.LTS/lib/</path>
         <kind>archive</kind>
         <file>rtsv7R4_T_be_v3D16_eabi.lib</file>
         <name>defs.c.obj</name>
      </input_file>
      <input_file id="fl-2f">
         <path>/Applications/ti/ccs1220/ccs/tools/compiler/ti-cgt-arm_20.2.7.LTS/lib/</path>
         <kind>archive</kind>
         <file>rtsv7R4_T_be_v3D16_eabi.lib</file>
         <name>memccpy.c.obj</name>
      </input_file>
      <input_file id="fl-30">
         <path>/Applications/ti/ccs1220/ccs/tools/compiler/ti-cgt-arm_20.2.7.LTS/lib/</path>
         <kind>archive</kind>
         <file>rtsv7R4_T_be_v3D16_eabi.lib</file>
         <name>strchr.c.obj</name>
      </input_file>
      <input_file id="fl-31">
         <path>/Applications/ti/ccs1220/ccs/tools/compiler/ti-cgt-arm_20.2.7.LTS/lib/</path>
         <kind>archive</kind>
         <file>rtsv7R4_T_be_v3D16_eabi.lib</file>
         <name>strlen.c.obj</name>
      </input_file>
      <input_file id="fl-32">
         <path>/Applications/ti/ccs1220/ccs/tools/compiler/ti-cgt-arm_20.2.7.LTS/lib/</path>
         <kind>archive</kind>
         <file>rtsv7R4_T_be_v3D16_eabi.lib</file>
         <name>errno.c.obj</name>
      </input_file>
      <input_file id="fl-33">
         <path>/Applications/ti/ccs1220/ccs/tools/compiler/ti-cgt-arm_20.2.7.LTS/lib/</path>
         <kind>archive</kind>
         <file>rtsv7R4_T_be_v3D16_eabi.lib</file>
         <name>wcslen.c.obj</name>
      </input_file>
      <input_file id="fl-34">
         <path>/Applications/ti/ccs1220/ccs/tools/compiler/ti-cgt-arm_20.2.7.LTS/lib/</path>
         <kind>archive</kind>
         <file>rtsv7R4_T_be_v3D16_eabi.lib</file>
         <name>s_frexp.c.obj</name>
      </input_file>
      <input_file id="fl-35">
         <path>/Applications/ti/ccs1220/ccs/tools/compiler/ti-cgt-arm_20.2.7.LTS/lib/</path>
         <kind>archive</kind>
         <file>rtsv7R4_T_be_v3D16_eabi.lib</file>
         <name>s_scalbn.c.obj</name>
      </input_file>
      <input_file id="fl-36">
         <path>/Applications/ti/ccs1220/ccs/tools/compiler/ti-cgt-arm_20.2.7.LTS/lib/</path>
         <kind>archive</kind>
         <file>rtsv7R4_T_be_v3D16_eabi.lib</file>
         <name>div0.asm.obj</name>
      </input_file>
      <input_file id="fl-37">
         <path>/Applications/ti/ccs1220/ccs/tools/compiler/ti-cgt-arm_20.2.7.LTS/lib/</path>
         <kind>archive</kind>
         <file>rtsv7R4_T_be_v3D16_eabi.lib</file>
         <name>s_copysign.c.obj</name>
      </input_file>
   </input_file_list>
   <object_component_list>
      <object_component id="oc-2b">
         <name>.intvecs</name>
         <load_address>0x0</load_address>
         <run_address>0x0</run_address>
         <size>0x20</size>
         <input_file_ref idref="fl-f"/>
      </object_component>
      <object_component id="oc-7c">
         <name>.text</name>
         <load_address>0x20</load_address>
         <run_address>0x20</run_address>
         <size>0x2cdc</size>
         <input_file_ref idref="fl-16"/>
      </object_component>
      <object_component id="oc-76">
         <name>.text</name>
         <load_address>0x2cfc</load_address>
         <run_address>0x2cfc</run_address>
         <size>0xb78</size>
         <input_file_ref idref="fl-19"/>
      </object_component>
      <object_component id="oc-207">
         <name>.text:__TI_printfi</name>
         <load_address>0x3874</load_address>
         <run_address>0x3874</run_address>
         <size>0xa4e</size>
         <input_file_ref idref="fl-1f"/>
      </object_component>
      <object_component id="oc-2cb">
         <name>.text:_nop</name>
         <load_address>0x42c2</load_address>
         <run_address>0x42c2</run_address>
         <size>0x2</size>
         <input_file_ref idref="fl-2a"/>
      </object_component>
      <object_component id="oc-39">
         <name>.text</name>
         <load_address>0x42c4</load_address>
         <run_address>0x42c4</run_address>
         <size>0x898</size>
         <input_file_ref idref="fl-18"/>
      </object_component>
      <object_component id="oc-121">
         <name>.text</name>
         <load_address>0x4b5c</load_address>
         <run_address>0x4b5c</run_address>
         <size>0x7b8</size>
         <input_file_ref idref="fl-c"/>
      </object_component>
      <object_component id="oc-6a">
         <name>.text</name>
         <load_address>0x5314</load_address>
         <run_address>0x5314</run_address>
         <size>0x664</size>
         <input_file_ref idref="fl-4"/>
      </object_component>
      <object_component id="oc-127">
         <name>.text</name>
         <load_address>0x5978</load_address>
         <run_address>0x5978</run_address>
         <size>0x638</size>
         <input_file_ref idref="fl-a"/>
      </object_component>
      <object_component id="oc-db">
         <name>.text</name>
         <load_address>0x5fb0</load_address>
         <run_address>0x5fb0</run_address>
         <size>0x630</size>
         <input_file_ref idref="fl-9"/>
      </object_component>
      <object_component id="oc-82">
         <name>.text</name>
         <load_address>0x65e0</load_address>
         <run_address>0x65e0</run_address>
         <size>0x5bc</size>
         <input_file_ref idref="fl-5"/>
      </object_component>
      <object_component id="oc-12d">
         <name>.text</name>
         <load_address>0x6b9c</load_address>
         <run_address>0x6b9c</run_address>
         <size>0x484</size>
         <input_file_ref idref="fl-6"/>
      </object_component>
      <object_component id="oc-65">
         <name>.text</name>
         <load_address>0x7020</load_address>
         <run_address>0x7020</run_address>
         <size>0x34c</size>
         <input_file_ref idref="fl-d"/>
      </object_component>
      <object_component id="oc-89">
         <name>.text</name>
         <load_address>0x736c</load_address>
         <run_address>0x736c</run_address>
         <size>0x2fc</size>
         <input_file_ref idref="fl-10"/>
      </object_component>
      <object_component id="oc-30e">
         <name>.text</name>
         <load_address>0x7668</load_address>
         <run_address>0x7668</run_address>
         <size>0x2b4</size>
         <input_file_ref idref="fl-23"/>
      </object_component>
      <object_component id="oc-1c">
         <name>.text:retain</name>
         <load_address>0x791c</load_address>
         <run_address>0x791c</run_address>
         <size>0x2a4</size>
         <input_file_ref idref="fl-17"/>
      </object_component>
      <object_component id="oc-36">
         <name>.text:retain</name>
         <load_address>0x7bc0</load_address>
         <run_address>0x7bc0</run_address>
         <size>0x290</size>
         <input_file_ref idref="fl-18"/>
      </object_component>
      <object_component id="oc-2a7">
         <name>.text:_pconv_a</name>
         <load_address>0x7e50</load_address>
         <run_address>0x7e50</run_address>
         <size>0x248</size>
         <input_file_ref idref="fl-1f"/>
      </object_component>
      <object_component id="oc-295">
         <name>.text:_pconv_g</name>
         <load_address>0x8098</load_address>
         <run_address>0x8098</run_address>
         <size>0x1a0</size>
         <input_file_ref idref="fl-1f"/>
      </object_component>
      <object_component id="oc-22">
         <name>.text:retain</name>
         <load_address>0x8238</load_address>
         <run_address>0x8238</run_address>
         <size>0x114</size>
         <input_file_ref idref="fl-5"/>
      </object_component>
      <object_component id="oc-139">
         <name>.text</name>
         <load_address>0x834c</load_address>
         <run_address>0x834c</run_address>
         <size>0x10c</size>
         <input_file_ref idref="fl-b"/>
      </object_component>
      <object_component id="oc-2a1">
         <name>.text:_pconv_e</name>
         <load_address>0x8458</load_address>
         <run_address>0x8458</run_address>
         <size>0x104</size>
         <input_file_ref idref="fl-1f"/>
      </object_component>
      <object_component id="oc-327">
         <name>.text:fcvt</name>
         <load_address>0x855c</load_address>
         <run_address>0x855c</run_address>
         <size>0xfc</size>
         <input_file_ref idref="fl-1f"/>
      </object_component>
      <object_component id="oc-33b">
         <name>.text:scalbn</name>
         <load_address>0x8658</load_address>
         <run_address>0x8658</run_address>
         <size>0xf0</size>
         <input_file_ref idref="fl-35"/>
      </object_component>
      <object_component id="oc-a0">
         <name>.text</name>
         <load_address>0x8748</load_address>
         <run_address>0x8748</run_address>
         <size>0xe8</size>
         <input_file_ref idref="fl-3"/>
      </object_component>
      <object_component id="oc-91">
         <name>.text</name>
         <load_address>0x8830</load_address>
         <run_address>0x8830</run_address>
         <size>0xe4</size>
         <input_file_ref idref="fl-8"/>
      </object_component>
      <object_component id="oc-1f3">
         <name>.text:floor</name>
         <load_address>0x8914</load_address>
         <run_address>0x8914</run_address>
         <size>0xe0</size>
         <input_file_ref idref="fl-1d"/>
      </object_component>
      <object_component id="oc-e3">
         <name>.text</name>
         <load_address>0x89f4</load_address>
         <run_address>0x89f4</run_address>
         <size>0xe0</size>
         <input_file_ref idref="fl-15"/>
      </object_component>
      <object_component id="oc-28f">
         <name>.text:_ltostr</name>
         <load_address>0x8ad4</load_address>
         <run_address>0x8ad4</run_address>
         <size>0xad</size>
         <input_file_ref idref="fl-1f"/>
      </object_component>
      <object_component id="oc-4d">
         <name>.text</name>
         <load_address>0x8b82</load_address>
         <run_address>0x8b82</run_address>
         <size>0x9c</size>
         <input_file_ref idref="fl-20"/>
      </object_component>
      <object_component id="oc-320">
         <name>.text:_mcpy</name>
         <load_address>0x8c1e</load_address>
         <run_address>0x8c1e</run_address>
         <size>0x7a</size>
         <input_file_ref idref="fl-1f"/>
      </object_component>
      <object_component id="oc-cd">
         <name>.text</name>
         <load_address>0x8c98</load_address>
         <run_address>0x8c98</run_address>
         <size>0x7a</size>
         <input_file_ref idref="fl-21"/>
      </object_component>
      <object_component id="oc-371">
         <name>.text</name>
         <load_address>0x8d12</load_address>
         <run_address>0x8d12</run_address>
         <size>0x2</size>
         <input_file_ref idref="fl-36"/>
      </object_component>
      <object_component id="oc-335">
         <name>.text:frexp</name>
         <load_address>0x8d14</load_address>
         <run_address>0x8d14</run_address>
         <size>0x74</size>
         <input_file_ref idref="fl-34"/>
      </object_component>
      <object_component id="oc-f">
         <name>.text:decompress:lzss:__TI_decompress_lzss</name>
         <load_address>0x8d88</load_address>
         <run_address>0x8d88</run_address>
         <size>0x6c</size>
         <input_file_ref idref="fl-28"/>
      </object_component>
      <object_component id="oc-133">
         <name>.text:printf</name>
         <load_address>0x8df4</load_address>
         <run_address>0x8df4</run_address>
         <size>0x68</size>
         <input_file_ref idref="fl-1e"/>
      </object_component>
      <object_component id="oc-314">
         <name>.text:__TI_ltoa</name>
         <load_address>0x8e5c</load_address>
         <run_address>0x8e5c</run_address>
         <size>0x54</size>
         <input_file_ref idref="fl-2b"/>
      </object_component>
      <object_component id="oc-31a">
         <name>.text:_ecpy</name>
         <load_address>0x8eb0</load_address>
         <run_address>0x8eb0</run_address>
         <size>0x54</size>
         <input_file_ref idref="fl-1f"/>
      </object_component>
      <object_component id="oc-29b">
         <name>.text:_pconv_f</name>
         <load_address>0x8f04</load_address>
         <run_address>0x8f04</run_address>
         <size>0x50</size>
         <input_file_ref idref="fl-1f"/>
      </object_component>
      <object_component id="oc-289">
         <name>.text:atoi</name>
         <load_address>0x8f54</load_address>
         <run_address>0x8f54</run_address>
         <size>0x50</size>
         <input_file_ref idref="fl-2c"/>
      </object_component>
      <object_component id="oc-f1">
         <name>.text:__TI_auto_init_nobinit_nopinit:__TI_auto_init_nobinit_nopinit</name>
         <load_address>0x8fa4</load_address>
         <run_address>0x8fa4</run_address>
         <size>0x44</size>
         <input_file_ref idref="fl-24"/>
      </object_component>
      <object_component id="oc-32d">
         <name>.text:_fcpy</name>
         <load_address>0x8fe8</load_address>
         <run_address>0x8fe8</run_address>
         <size>0x40</size>
         <input_file_ref idref="fl-1f"/>
      </object_component>
      <object_component id="oc-2ad">
         <name>.text:memccpy</name>
         <load_address>0x9028</load_address>
         <run_address>0x9028</run_address>
         <size>0x26</size>
         <input_file_ref idref="fl-2f"/>
      </object_component>
      <object_component id="oc-384">
         <name>.text:copysign</name>
         <load_address>0x904e</load_address>
         <run_address>0x904e</run_address>
         <size>0x1e</size>
         <input_file_ref idref="fl-37"/>
      </object_component>
      <object_component id="oc-59">
         <name>.text:decompress:ZI:__TI_zero_init_nomemset:__TI_zero_init_nomemset</name>
         <load_address>0x906c</load_address>
         <run_address>0x906c</run_address>
         <size>0x1c</size>
         <input_file_ref idref="fl-26"/>
      </object_component>
      <object_component id="oc-341">
         <name>.text:strchr</name>
         <load_address>0x9088</load_address>
         <run_address>0x9088</run_address>
         <size>0x16</size>
         <input_file_ref idref="fl-30"/>
      </object_component>
      <object_component id="oc-13f">
         <name>.text:strlen</name>
         <load_address>0x909e</load_address>
         <run_address>0x909e</run_address>
         <size>0x16</size>
         <input_file_ref idref="fl-31"/>
      </object_component>
      <object_component id="oc-2b3">
         <name>.text:wcslen</name>
         <load_address>0x90b4</load_address>
         <run_address>0x90b4</run_address>
         <size>0x12</size>
         <input_file_ref idref="fl-33"/>
      </object_component>
      <object_component id="oc-15">
         <name>.text:decompress:none:__TI_decompress_none</name>
         <load_address>0x90c6</load_address>
         <run_address>0x90c6</run_address>
         <size>0xe</size>
         <input_file_ref idref="fl-27"/>
      </object_component>
      <object_component id="oc-2b9">
         <name>.text:__aeabi_errno_addr</name>
         <load_address>0x90d4</load_address>
         <run_address>0x90d4</run_address>
         <size>0x8</size>
         <input_file_ref idref="fl-32"/>
      </object_component>
      <object_component id="oc-219">
         <name>.text:_outc</name>
         <load_address>0x90dc</load_address>
         <run_address>0x90dc</run_address>
         <size>0x4</size>
         <input_file_ref idref="fl-1e"/>
      </object_component>
      <object_component id="oc-213">
         <name>.text:_outs</name>
         <load_address>0x90e0</load_address>
         <run_address>0x90e0</run_address>
         <size>0x4</size>
         <input_file_ref idref="fl-1e"/>
      </object_component>
      <object_component id="oc-14c">
         <name>.text:abort:abort</name>
         <load_address>0x90e4</load_address>
         <run_address>0x90e4</run_address>
         <size>0x4</size>
         <input_file_ref idref="fl-29"/>
      </object_component>
      <object_component id="oc-30">
         <name>.text:retain</name>
         <load_address>0x90e8</load_address>
         <run_address>0x90e8</run_address>
         <size>0x4</size>
         <input_file_ref idref="fl-13"/>
      </object_component>
      <object_component id="oc-70">
         <name>.text</name>
         <load_address>0x90ec</load_address>
         <run_address>0x90ec</run_address>
         <size>0x4</size>
         <input_file_ref idref="fl-17"/>
      </object_component>
      <object_component id="oc-3db">
         <name>.tramp.fputs.1</name>
         <load_address>0x90f0</load_address>
         <run_address>0x90f0</run_address>
         <size>0x8</size>
         <input_file_ref idref="fl-10"/>
      </object_component>
      <object_component id="oc-3da">
         <name>.tramp.fputc.1</name>
         <load_address>0x90f8</load_address>
         <run_address>0x90f8</run_address>
         <size>0x8</size>
         <input_file_ref idref="fl-10"/>
      </object_component>
      <object_component id="oc-23">
         <name>.const:s_vim_init</name>
         <load_address>0x9100</load_address>
         <run_address>0x9100</run_address>
         <size>0x180</size>
         <input_file_ref idref="fl-18"/>
      </object_component>
      <object_component id="oc-309">
         <name>.const:.string:_ctypes_</name>
         <load_address>0x9280</load_address>
         <run_address>0x9280</run_address>
         <size>0x101</size>
         <input_file_ref idref="fl-2d"/>
      </object_component>
      <object_component id="oc-3d8">
         <name>.cinit..data.load</name>
         <load_address>0x9388</load_address>
         <run_address>0x9388</run_address>
         <size>0x26</size>
      </object_component>
      <object_component id="oc-3d5">
         <name>__TI_handler_table</name>
         <load_address>0x93b0</load_address>
         <run_address>0x93b0</run_address>
         <size>0xc</size>
      </object_component>
      <object_component id="oc-3d7">
         <name>.cinit..bss.load</name>
         <load_address>0x93c0</load_address>
         <run_address>0x93c0</run_address>
         <size>0x8</size>
      </object_component>
      <object_component id="oc-3d6">
         <name>__TI_cinit_table</name>
         <load_address>0x93c8</load_address>
         <run_address>0x93c8</run_address>
         <size>0x10</size>
      </object_component>
      <object_component id="oc-1f9">
         <name>.bss:g_sciTransfer_t</name>
         <uninitialized>true</uninitialized>
         <run_address>0x80015fc</run_address>
         <size>0x28</size>
         <input_file_ref idref="fl-c"/>
      </object_component>
      <object_component id="oc-20d">
         <name>.data:$O1$$</name>
         <load_address>0x80015f0</load_address>
         <run_address>0x80015f0</run_address>
         <size>0x8</size>
         <input_file_ref idref="fl-2a"/>
      </object_component>
      <object_component id="oc-210">
         <name>.data:_ftable</name>
         <load_address>0x8001500</load_address>
         <run_address>0x8001500</run_address>
         <size>0xf0</size>
         <input_file_ref idref="fl-2e"/>
      </object_component>
      <object_component id="oc-351">
         <name>.data</name>
         <load_address>0x80015f8</load_address>
         <run_address>0x80015f8</run_address>
         <size>0x4</size>
         <input_file_ref idref="fl-32"/>
      </object_component>
      <object_component id="oc-a1">
         <name>.debug_info</name>
         <load_address>0x0</load_address>
         <run_address>0x0</run_address>
         <size>0x165</size>
         <input_file_ref idref="fl-3"/>
      </object_component>
      <object_component id="oc-199">
         <name>.debug_info</name>
         <load_address>0x165</load_address>
         <run_address>0x165</run_address>
         <size>0x2f1</size>
         <input_file_ref idref="fl-4"/>
      </object_component>
      <object_component id="oc-6b">
         <name>.debug_info</name>
         <load_address>0x456</load_address>
         <run_address>0x456</run_address>
         <size>0x870</size>
         <input_file_ref idref="fl-4"/>
      </object_component>
      <object_component id="oc-48">
         <name>.debug_info</name>
         <load_address>0xcc6</load_address>
         <run_address>0xcc6</run_address>
         <size>0x84</size>
         <input_file_ref idref="fl-4"/>
      </object_component>
      <object_component id="oc-d5">
         <name>.debug_info</name>
         <load_address>0xd4a</load_address>
         <run_address>0xd4a</run_address>
         <size>0x9e7</size>
         <input_file_ref idref="fl-4"/>
      </object_component>
      <object_component id="oc-f0">
         <name>.debug_info</name>
         <load_address>0x1731</load_address>
         <run_address>0x1731</run_address>
         <size>0x349</size>
         <input_file_ref idref="fl-5"/>
      </object_component>
      <object_component id="oc-83">
         <name>.debug_info</name>
         <load_address>0x1a7a</load_address>
         <run_address>0x1a7a</run_address>
         <size>0x1224</size>
         <input_file_ref idref="fl-5"/>
      </object_component>
      <object_component id="oc-26">
         <name>.debug_info</name>
         <load_address>0x2c9e</load_address>
         <run_address>0x2c9e</run_address>
         <size>0x224</size>
         <input_file_ref idref="fl-5"/>
      </object_component>
      <object_component id="oc-161">
         <name>.debug_info</name>
         <load_address>0x2ec2</load_address>
         <run_address>0x2ec2</run_address>
         <size>0x26b</size>
         <input_file_ref idref="fl-5"/>
      </object_component>
      <object_component id="oc-9b">
         <name>.debug_info</name>
         <load_address>0x312d</load_address>
         <run_address>0x312d</run_address>
         <size>0x157</size>
         <input_file_ref idref="fl-5"/>
      </object_component>
      <object_component id="oc-ad">
         <name>.debug_info</name>
         <load_address>0x3284</load_address>
         <run_address>0x3284</run_address>
         <size>0x8b</size>
         <input_file_ref idref="fl-5"/>
      </object_component>
      <object_component id="oc-a8">
         <name>.debug_info</name>
         <load_address>0x330f</load_address>
         <run_address>0x330f</run_address>
         <size>0x18c</size>
         <input_file_ref idref="fl-5"/>
      </object_component>
      <object_component id="oc-229">
         <name>.debug_info</name>
         <load_address>0x349b</load_address>
         <run_address>0x349b</run_address>
         <size>0x2a4</size>
         <input_file_ref idref="fl-5"/>
      </object_component>
      <object_component id="oc-146">
         <name>.debug_info</name>
         <load_address>0x373f</load_address>
         <run_address>0x373f</run_address>
         <size>0xbb</size>
         <input_file_ref idref="fl-5"/>
      </object_component>
      <object_component id="oc-b2">
         <name>.debug_info</name>
         <load_address>0x37fa</load_address>
         <run_address>0x37fa</run_address>
         <size>0x86</size>
         <input_file_ref idref="fl-5"/>
      </object_component>
      <object_component id="oc-166">
         <name>.debug_info</name>
         <load_address>0x3880</load_address>
         <run_address>0x3880</run_address>
         <size>0x1de</size>
         <input_file_ref idref="fl-5"/>
      </object_component>
      <object_component id="oc-eb">
         <name>.debug_info</name>
         <load_address>0x3a5e</load_address>
         <run_address>0x3a5e</run_address>
         <size>0x129</size>
         <input_file_ref idref="fl-5"/>
      </object_component>
      <object_component id="oc-17f">
         <name>.debug_info</name>
         <load_address>0x3b87</load_address>
         <run_address>0x3b87</run_address>
         <size>0x2cf</size>
         <input_file_ref idref="fl-5"/>
      </object_component>
      <object_component id="oc-206">
         <name>.debug_info</name>
         <load_address>0x3e56</load_address>
         <run_address>0x3e56</run_address>
         <size>0x2cc</size>
         <input_file_ref idref="fl-6"/>
      </object_component>
      <object_component id="oc-12e">
         <name>.debug_info</name>
         <load_address>0x4122</load_address>
         <run_address>0x4122</run_address>
         <size>0xb12</size>
         <input_file_ref idref="fl-6"/>
      </object_component>
      <object_component id="oc-170">
         <name>.debug_info</name>
         <load_address>0x4c34</load_address>
         <run_address>0x4c34</run_address>
         <size>0x1f9</size>
         <input_file_ref idref="fl-6"/>
      </object_component>
      <object_component id="oc-284">
         <name>.debug_info</name>
         <load_address>0x4e2d</load_address>
         <run_address>0x4e2d</run_address>
         <size>0x12a</size>
         <input_file_ref idref="fl-6"/>
      </object_component>
      <object_component id="oc-256">
         <name>.debug_info</name>
         <load_address>0x4f57</load_address>
         <run_address>0x4f57</run_address>
         <size>0x328</size>
         <input_file_ref idref="fl-7"/>
      </object_component>
      <object_component id="oc-191">
         <name>.debug_info</name>
         <load_address>0x527f</load_address>
         <run_address>0x527f</run_address>
         <size>0x2c</size>
         <input_file_ref idref="fl-7"/>
      </object_component>
      <object_component id="oc-1ad">
         <name>.debug_info</name>
         <load_address>0x52ab</load_address>
         <run_address>0x52ab</run_address>
         <size>0x35</size>
         <input_file_ref idref="fl-7"/>
      </object_component>
      <object_component id="oc-1bc">
         <name>.debug_info</name>
         <load_address>0x52e0</load_address>
         <run_address>0x52e0</run_address>
         <size>0x3d3</size>
         <input_file_ref idref="fl-7"/>
      </object_component>
      <object_component id="oc-2ea">
         <name>.debug_info</name>
         <load_address>0x56b3</load_address>
         <run_address>0x56b3</run_address>
         <size>0x2e3</size>
         <input_file_ref idref="fl-7"/>
      </object_component>
      <object_component id="oc-159">
         <name>.debug_info</name>
         <load_address>0x5996</load_address>
         <run_address>0x5996</run_address>
         <size>0x4e7</size>
         <input_file_ref idref="fl-8"/>
      </object_component>
      <object_component id="oc-94">
         <name>.debug_info</name>
         <load_address>0x5e7d</load_address>
         <run_address>0x5e7d</run_address>
         <size>0xed1</size>
         <input_file_ref idref="fl-8"/>
      </object_component>
      <object_component id="oc-19e">
         <name>.debug_info</name>
         <load_address>0x6d4e</load_address>
         <run_address>0x6d4e</run_address>
         <size>0x60e</size>
         <input_file_ref idref="fl-8"/>
      </object_component>
      <object_component id="oc-1a3">
         <name>.debug_info</name>
         <load_address>0x735c</load_address>
         <run_address>0x735c</run_address>
         <size>0x4de</size>
         <input_file_ref idref="fl-8"/>
      </object_component>
      <object_component id="oc-1a8">
         <name>.debug_info</name>
         <load_address>0x783a</load_address>
         <run_address>0x783a</run_address>
         <size>0x3ce</size>
         <input_file_ref idref="fl-8"/>
      </object_component>
      <object_component id="oc-230">
         <name>.debug_info</name>
         <load_address>0x7c08</load_address>
         <run_address>0x7c08</run_address>
         <size>0x306</size>
         <input_file_ref idref="fl-8"/>
      </object_component>
      <object_component id="oc-248">
         <name>.debug_info</name>
         <load_address>0x7f0e</load_address>
         <run_address>0x7f0e</run_address>
         <size>0x7cd</size>
         <input_file_ref idref="fl-8"/>
      </object_component>
      <object_component id="oc-15a">
         <name>.debug_info</name>
         <load_address>0x86db</load_address>
         <run_address>0x86db</run_address>
         <size>0x673</size>
         <input_file_ref idref="fl-8"/>
      </object_component>
      <object_component id="oc-1b2">
         <name>.debug_info</name>
         <load_address>0x8d4e</load_address>
         <run_address>0x8d4e</run_address>
         <size>0x437</size>
         <input_file_ref idref="fl-8"/>
      </object_component>
      <object_component id="oc-1dd">
         <name>.debug_info</name>
         <load_address>0x9185</load_address>
         <run_address>0x9185</run_address>
         <size>0x37b</size>
         <input_file_ref idref="fl-8"/>
      </object_component>
      <object_component id="oc-1ff">
         <name>.debug_info</name>
         <load_address>0x9500</load_address>
         <run_address>0x9500</run_address>
         <size>0x1d4</size>
         <input_file_ref idref="fl-8"/>
      </object_component>
      <object_component id="oc-1b7">
         <name>.debug_info</name>
         <load_address>0x96d4</load_address>
         <run_address>0x96d4</run_address>
         <size>0x1ca</size>
         <input_file_ref idref="fl-8"/>
      </object_component>
      <object_component id="oc-16b">
         <name>.debug_info</name>
         <load_address>0x989e</load_address>
         <run_address>0x989e</run_address>
         <size>0x435</size>
         <input_file_ref idref="fl-8"/>
      </object_component>
      <object_component id="oc-1d0">
         <name>.debug_info</name>
         <load_address>0x9cd3</load_address>
         <run_address>0x9cd3</run_address>
         <size>0x551</size>
         <input_file_ref idref="fl-8"/>
      </object_component>
      <object_component id="oc-1c6">
         <name>.debug_info</name>
         <load_address>0xa224</load_address>
         <run_address>0xa224</run_address>
         <size>0x1de</size>
         <input_file_ref idref="fl-8"/>
      </object_component>
      <object_component id="oc-23a">
         <name>.debug_info</name>
         <load_address>0xa402</load_address>
         <run_address>0xa402</run_address>
         <size>0x243</size>
         <input_file_ref idref="fl-8"/>
      </object_component>
      <object_component id="oc-27b">
         <name>.debug_info</name>
         <load_address>0xa645</load_address>
         <run_address>0xa645</run_address>
         <size>0x18e</size>
         <input_file_ref idref="fl-8"/>
      </object_component>
      <object_component id="oc-1d5">
         <name>.debug_info</name>
         <load_address>0xa7d3</load_address>
         <run_address>0xa7d3</run_address>
         <size>0x17a</size>
         <input_file_ref idref="fl-8"/>
      </object_component>
      <object_component id="oc-175">
         <name>.debug_info</name>
         <load_address>0xa94d</load_address>
         <run_address>0xa94d</run_address>
         <size>0x6a6</size>
         <input_file_ref idref="fl-8"/>
      </object_component>
      <object_component id="oc-17a">
         <name>.debug_info</name>
         <load_address>0xaff3</load_address>
         <run_address>0xaff3</run_address>
         <size>0x13e</size>
         <input_file_ref idref="fl-8"/>
      </object_component>
      <object_component id="oc-19b">
         <name>.debug_info</name>
         <load_address>0xb131</load_address>
         <run_address>0xb131</run_address>
         <size>0x2ff</size>
         <input_file_ref idref="fl-9"/>
      </object_component>
      <object_component id="oc-de">
         <name>.debug_info</name>
         <load_address>0xb430</load_address>
         <run_address>0xb430</run_address>
         <size>0x2e4</size>
         <input_file_ref idref="fl-9"/>
      </object_component>
      <object_component id="oc-1c1">
         <name>.debug_info</name>
         <load_address>0xb714</load_address>
         <run_address>0xb714</run_address>
         <size>0x3a4</size>
         <input_file_ref idref="fl-9"/>
      </object_component>
      <object_component id="oc-251">
         <name>.debug_info</name>
         <load_address>0xbab8</load_address>
         <run_address>0xbab8</run_address>
         <size>0x2c7</size>
         <input_file_ref idref="fl-9"/>
      </object_component>
      <object_component id="oc-204">
         <name>.debug_info</name>
         <load_address>0xbd7f</load_address>
         <run_address>0xbd7f</run_address>
         <size>0x2eb</size>
         <input_file_ref idref="fl-a"/>
      </object_component>
      <object_component id="oc-128">
         <name>.debug_info</name>
         <load_address>0xc06a</load_address>
         <run_address>0xc06a</run_address>
         <size>0x15b8</size>
         <input_file_ref idref="fl-a"/>
      </object_component>
      <object_component id="oc-13a">
         <name>.debug_info</name>
         <load_address>0xd622</load_address>
         <run_address>0xd622</run_address>
         <size>0x4a3</size>
         <input_file_ref idref="fl-b"/>
      </object_component>
      <object_component id="oc-1fd">
         <name>.debug_info</name>
         <load_address>0xdac5</load_address>
         <run_address>0xdac5</run_address>
         <size>0x319</size>
         <input_file_ref idref="fl-c"/>
      </object_component>
      <object_component id="oc-1fa">
         <name>.debug_info</name>
         <load_address>0xddde</load_address>
         <run_address>0xddde</run_address>
         <size>0x11d</size>
         <input_file_ref idref="fl-c"/>
      </object_component>
      <object_component id="oc-122">
         <name>.debug_info</name>
         <load_address>0xdefb</load_address>
         <run_address>0xdefb</run_address>
         <size>0x13a7</size>
         <input_file_ref idref="fl-c"/>
      </object_component>
      <object_component id="oc-276">
         <name>.debug_info</name>
         <load_address>0xf2a2</load_address>
         <run_address>0xf2a2</run_address>
         <size>0x91</size>
         <input_file_ref idref="fl-c"/>
      </object_component>
      <object_component id="oc-66">
         <name>.debug_info</name>
         <load_address>0xf333</load_address>
         <run_address>0xf333</run_address>
         <size>0xe54</size>
         <input_file_ref idref="fl-d"/>
      </object_component>
      <object_component id="oc-2c">
         <name>.debug_info</name>
         <load_address>0x10187</load_address>
         <run_address>0x10187</run_address>
         <size>0x16d</size>
         <input_file_ref idref="fl-f"/>
      </object_component>
      <object_component id="oc-14b">
         <name>.debug_info</name>
         <load_address>0x102f4</load_address>
         <run_address>0x102f4</run_address>
         <size>0x4df</size>
         <input_file_ref idref="fl-10"/>
      </object_component>
      <object_component id="oc-8d">
         <name>.debug_info</name>
         <load_address>0x107d3</load_address>
         <run_address>0x107d3</run_address>
         <size>0x8b1</size>
         <input_file_ref idref="fl-10"/>
      </object_component>
      <object_component id="oc-235">
         <name>.debug_info</name>
         <load_address>0x11084</load_address>
         <run_address>0x11084</run_address>
         <size>0xbf</size>
         <input_file_ref idref="fl-10"/>
      </object_component>
      <object_component id="oc-221">
         <name>.debug_info</name>
         <load_address>0x11143</load_address>
         <run_address>0x11143</run_address>
         <size>0x2c</size>
         <input_file_ref idref="fl-10"/>
      </object_component>
      <object_component id="oc-257">
         <name>.debug_info</name>
         <load_address>0x1116f</load_address>
         <run_address>0x1116f</run_address>
         <size>0x2d2</size>
         <input_file_ref idref="fl-12"/>
      </object_component>
      <object_component id="oc-2f1">
         <name>.debug_info</name>
         <load_address>0x11441</load_address>
         <run_address>0x11441</run_address>
         <size>0x242</size>
         <input_file_ref idref="fl-12"/>
      </object_component>
      <object_component id="oc-1cb">
         <name>.debug_info</name>
         <load_address>0x11683</load_address>
         <run_address>0x11683</run_address>
         <size>0x2af</size>
         <input_file_ref idref="fl-12"/>
      </object_component>
      <object_component id="oc-34">
         <name>.debug_info</name>
         <load_address>0x11932</load_address>
         <run_address>0x11932</run_address>
         <size>0x1d5</size>
         <input_file_ref idref="fl-13"/>
      </object_component>
      <object_component id="oc-e4">
         <name>.debug_info</name>
         <load_address>0x11b07</load_address>
         <run_address>0x11b07</run_address>
         <size>0x5fd</size>
         <input_file_ref idref="fl-15"/>
      </object_component>
      <object_component id="oc-e9">
         <name>.debug_info</name>
         <load_address>0x12104</load_address>
         <run_address>0x12104</run_address>
         <size>0x695</size>
         <input_file_ref idref="fl-16"/>
      </object_component>
      <object_component id="oc-7e">
         <name>.debug_info</name>
         <load_address>0x12799</load_address>
         <run_address>0x12799</run_address>
         <size>0x43df</size>
         <input_file_ref idref="fl-16"/>
      </object_component>
      <object_component id="oc-1e">
         <name>.debug_info</name>
         <load_address>0x16b78</load_address>
         <run_address>0x16b78</run_address>
         <size>0x695</size>
         <input_file_ref idref="fl-17"/>
      </object_component>
      <object_component id="oc-73">
         <name>.debug_info</name>
         <load_address>0x1720d</load_address>
         <run_address>0x1720d</run_address>
         <size>0x1ce</size>
         <input_file_ref idref="fl-17"/>
      </object_component>
      <object_component id="oc-99">
         <name>.debug_info</name>
         <load_address>0x173db</load_address>
         <run_address>0x173db</run_address>
         <size>0x47e</size>
         <input_file_ref idref="fl-18"/>
      </object_component>
      <object_component id="oc-24">
         <name>.debug_info</name>
         <load_address>0x17859</load_address>
         <run_address>0x17859</run_address>
         <size>0x117</size>
         <input_file_ref idref="fl-18"/>
      </object_component>
      <object_component id="oc-3c">
         <name>.debug_info</name>
         <load_address>0x17970</load_address>
         <run_address>0x17970</run_address>
         <size>0x6a7</size>
         <input_file_ref idref="fl-18"/>
      </object_component>
      <object_component id="oc-3f">
         <name>.debug_info</name>
         <load_address>0x18017</load_address>
         <run_address>0x18017</run_address>
         <size>0x298</size>
         <input_file_ref idref="fl-18"/>
      </object_component>
      <object_component id="oc-184">
         <name>.debug_info</name>
         <load_address>0x182af</load_address>
         <run_address>0x182af</run_address>
         <size>0x4f</size>
         <input_file_ref idref="fl-18"/>
      </object_component>
      <object_component id="oc-e2">
         <name>.debug_info</name>
         <load_address>0x182fe</load_address>
         <run_address>0x182fe</run_address>
         <size>0x542</size>
         <input_file_ref idref="fl-19"/>
      </object_component>
      <object_component id="oc-79">
         <name>.debug_info</name>
         <load_address>0x18840</load_address>
         <run_address>0x18840</run_address>
         <size>0xc6e</size>
         <input_file_ref idref="fl-19"/>
      </object_component>
      <object_component id="oc-271">
         <name>.debug_info</name>
         <load_address>0x194ae</load_address>
         <run_address>0x194ae</run_address>
         <size>0x28f</size>
         <input_file_ref idref="fl-1d"/>
      </object_component>
      <object_component id="oc-1f6">
         <name>.debug_info</name>
         <load_address>0x1973d</load_address>
         <run_address>0x1973d</run_address>
         <size>0x1a0</size>
         <input_file_ref idref="fl-1d"/>
      </object_component>
      <object_component id="oc-302">
         <name>.debug_info</name>
         <load_address>0x198dd</load_address>
         <run_address>0x198dd</run_address>
         <size>0x46</size>
         <input_file_ref idref="fl-1d"/>
      </object_component>
      <object_component id="oc-26c">
         <name>.debug_info</name>
         <load_address>0x19923</load_address>
         <run_address>0x19923</run_address>
         <size>0x39</size>
         <input_file_ref idref="fl-1d"/>
      </object_component>
      <object_component id="oc-220">
         <name>.debug_info</name>
         <load_address>0x1995c</load_address>
         <run_address>0x1995c</run_address>
         <size>0x3e5</size>
         <input_file_ref idref="fl-1e"/>
      </object_component>
      <object_component id="oc-21d">
         <name>.debug_info</name>
         <load_address>0x19d41</load_address>
         <run_address>0x19d41</run_address>
         <size>0x157</size>
         <input_file_ref idref="fl-1e"/>
      </object_component>
      <object_component id="oc-216">
         <name>.debug_info</name>
         <load_address>0x19e98</load_address>
         <run_address>0x19e98</run_address>
         <size>0x166</size>
         <input_file_ref idref="fl-1e"/>
      </object_component>
      <object_component id="oc-137">
         <name>.debug_info</name>
         <load_address>0x19ffe</load_address>
         <run_address>0x19ffe</run_address>
         <size>0x1ac</size>
         <input_file_ref idref="fl-1e"/>
      </object_component>
      <object_component id="oc-2dd">
         <name>.debug_info</name>
         <load_address>0x1a1aa</load_address>
         <run_address>0x1a1aa</run_address>
         <size>0xb2</size>
         <input_file_ref idref="fl-1e"/>
      </object_component>
      <object_component id="oc-2c0">
         <name>.debug_info</name>
         <load_address>0x1a25c</load_address>
         <run_address>0x1a25c</run_address>
         <size>0x595</size>
         <input_file_ref idref="fl-1f"/>
      </object_component>
      <object_component id="oc-293">
         <name>.debug_info</name>
         <load_address>0x1a7f1</load_address>
         <run_address>0x1a7f1</run_address>
         <size>0x219</size>
         <input_file_ref idref="fl-1f"/>
      </object_component>
      <object_component id="oc-31e">
         <name>.debug_info</name>
         <load_address>0x1aa0a</load_address>
         <run_address>0x1aa0a</run_address>
         <size>0x1b3</size>
         <input_file_ref idref="fl-1f"/>
      </object_component>
      <object_component id="oc-324">
         <name>.debug_info</name>
         <load_address>0x1abbd</load_address>
         <run_address>0x1abbd</run_address>
         <size>0x21b</size>
         <input_file_ref idref="fl-1f"/>
      </object_component>
      <object_component id="oc-298">
         <name>.debug_info</name>
         <load_address>0x1add8</load_address>
         <run_address>0x1add8</run_address>
         <size>0x2c9</size>
         <input_file_ref idref="fl-1f"/>
      </object_component>
      <object_component id="oc-32a">
         <name>.debug_info</name>
         <load_address>0x1b0a1</load_address>
         <run_address>0x1b0a1</run_address>
         <size>0x229</size>
         <input_file_ref idref="fl-1f"/>
      </object_component>
      <object_component id="oc-330">
         <name>.debug_info</name>
         <load_address>0x1b2ca</load_address>
         <run_address>0x1b2ca</run_address>
         <size>0x215</size>
         <input_file_ref idref="fl-1f"/>
      </object_component>
      <object_component id="oc-29e">
         <name>.debug_info</name>
         <load_address>0x1b4df</load_address>
         <run_address>0x1b4df</run_address>
         <size>0x215</size>
         <input_file_ref idref="fl-1f"/>
      </object_component>
      <object_component id="oc-2a4">
         <name>.debug_info</name>
         <load_address>0x1b6f4</load_address>
         <run_address>0x1b6f4</run_address>
         <size>0x240</size>
         <input_file_ref idref="fl-1f"/>
      </object_component>
      <object_component id="oc-2aa">
         <name>.debug_info</name>
         <load_address>0x1b934</load_address>
         <run_address>0x1b934</run_address>
         <size>0x35e</size>
         <input_file_ref idref="fl-1f"/>
      </object_component>
      <object_component id="oc-20a">
         <name>.debug_info</name>
         <load_address>0x1bc92</load_address>
         <run_address>0x1bc92</run_address>
         <size>0x5df</size>
         <input_file_ref idref="fl-1f"/>
      </object_component>
      <object_component id="oc-2c1">
         <name>.debug_info</name>
         <load_address>0x1c271</load_address>
         <run_address>0x1c271</run_address>
         <size>0x86</size>
         <input_file_ref idref="fl-1f"/>
      </object_component>
      <object_component id="oc-35d">
         <name>.debug_info</name>
         <load_address>0x1c2f7</load_address>
         <run_address>0x1c2f7</run_address>
         <size>0x39</size>
         <input_file_ref idref="fl-1f"/>
      </object_component>
      <object_component id="oc-39b">
         <name>.debug_info</name>
         <load_address>0x1c330</load_address>
         <run_address>0x1c330</run_address>
         <size>0xb6</size>
         <input_file_ref idref="fl-1f"/>
      </object_component>
      <object_component id="oc-362">
         <name>.debug_info</name>
         <load_address>0x1c3e6</load_address>
         <run_address>0x1c3e6</run_address>
         <size>0x46</size>
         <input_file_ref idref="fl-1f"/>
      </object_component>
      <object_component id="oc-2c6">
         <name>.debug_info</name>
         <load_address>0x1c42c</load_address>
         <run_address>0x1c42c</run_address>
         <size>0x46</size>
         <input_file_ref idref="fl-1f"/>
      </object_component>
      <object_component id="oc-358">
         <name>.debug_info</name>
         <load_address>0x1c472</load_address>
         <run_address>0x1c472</run_address>
         <size>0x2c</size>
         <input_file_ref idref="fl-1f"/>
      </object_component>
      <object_component id="oc-50">
         <name>.debug_info</name>
         <load_address>0x1c49e</load_address>
         <run_address>0x1c49e</run_address>
         <size>0x119</size>
         <input_file_ref idref="fl-20"/>
      </object_component>
      <object_component id="oc-cf">
         <name>.debug_info</name>
         <load_address>0x1c5b7</load_address>
         <run_address>0x1c5b7</run_address>
         <size>0x147</size>
         <input_file_ref idref="fl-21"/>
      </object_component>
      <object_component id="oc-310">
         <name>.debug_info</name>
         <load_address>0x1c6fe</load_address>
         <run_address>0x1c6fe</run_address>
         <size>0x14a</size>
         <input_file_ref idref="fl-23"/>
      </object_component>
      <object_component id="oc-1e5">
         <name>.debug_info</name>
         <load_address>0x1c848</load_address>
         <run_address>0x1c848</run_address>
         <size>0x4b3</size>
         <input_file_ref idref="fl-24"/>
      </object_component>
      <object_component id="oc-f3">
         <name>.debug_info</name>
         <load_address>0x1ccfb</load_address>
         <run_address>0x1ccfb</run_address>
         <size>0x1a6</size>
         <input_file_ref idref="fl-24"/>
      </object_component>
      <object_component id="oc-25a">
         <name>.debug_info</name>
         <load_address>0x1cea1</load_address>
         <run_address>0x1cea1</run_address>
         <size>0x39</size>
         <input_file_ref idref="fl-24"/>
      </object_component>
      <object_component id="oc-2f6">
         <name>.debug_info</name>
         <load_address>0x1ceda</load_address>
         <run_address>0x1ceda</run_address>
         <size>0x39</size>
         <input_file_ref idref="fl-24"/>
      </object_component>
      <object_component id="oc-25f">
         <name>.debug_info</name>
         <load_address>0x1cf13</load_address>
         <run_address>0x1cf13</run_address>
         <size>0x39</size>
         <input_file_ref idref="fl-24"/>
      </object_component>
      <object_component id="oc-264">
         <name>.debug_info</name>
         <load_address>0x1cf4c</load_address>
         <run_address>0x1cf4c</run_address>
         <size>0xcd</size>
         <input_file_ref idref="fl-24"/>
      </object_component>
      <object_component id="oc-cc">
         <name>.debug_info</name>
         <load_address>0x1d019</load_address>
         <run_address>0x1d019</run_address>
         <size>0x2d4</size>
         <input_file_ref idref="fl-26"/>
      </object_component>
      <object_component id="oc-5a">
         <name>.debug_info</name>
         <load_address>0x1d2ed</load_address>
         <run_address>0x1d2ed</run_address>
         <size>0x1d2</size>
         <input_file_ref idref="fl-26"/>
      </object_component>
      <object_component id="oc-c7">
         <name>.debug_info</name>
         <load_address>0x1d4bf</load_address>
         <run_address>0x1d4bf</run_address>
         <size>0x46</size>
         <input_file_ref idref="fl-26"/>
      </object_component>
      <object_component id="oc-58">
         <name>.debug_info</name>
         <load_address>0x1d505</load_address>
         <run_address>0x1d505</run_address>
         <size>0x2a3</size>
         <input_file_ref idref="fl-27"/>
      </object_component>
      <object_component id="oc-19">
         <name>.debug_info</name>
         <load_address>0x1d7a8</load_address>
         <run_address>0x1d7a8</run_address>
         <size>0x1d5</size>
         <input_file_ref idref="fl-27"/>
      </object_component>
      <object_component id="oc-53">
         <name>.debug_info</name>
         <load_address>0x1d97d</load_address>
         <run_address>0x1d97d</run_address>
         <size>0x46</size>
         <input_file_ref idref="fl-27"/>
      </object_component>
      <object_component id="oc-bf">
         <name>.debug_info</name>
         <load_address>0x1d9c3</load_address>
         <run_address>0x1d9c3</run_address>
         <size>0x2c</size>
         <input_file_ref idref="fl-27"/>
      </object_component>
      <object_component id="oc-bd">
         <name>.debug_info</name>
         <load_address>0x1d9ef</load_address>
         <run_address>0x1d9ef</run_address>
         <size>0x29e</size>
         <input_file_ref idref="fl-28"/>
      </object_component>
      <object_component id="oc-12">
         <name>.debug_info</name>
         <load_address>0x1dc8d</load_address>
         <run_address>0x1dc8d</run_address>
         <size>0x250</size>
         <input_file_ref idref="fl-28"/>
      </object_component>
      <object_component id="oc-43">
         <name>.debug_info</name>
         <load_address>0x1dedd</load_address>
         <run_address>0x1dedd</run_address>
         <size>0x60</size>
         <input_file_ref idref="fl-28"/>
      </object_component>
      <object_component id="oc-18a">
         <name>.debug_info</name>
         <load_address>0x1df3d</load_address>
         <run_address>0x1df3d</run_address>
         <size>0x46</size>
         <input_file_ref idref="fl-28"/>
      </object_component>
      <object_component id="oc-b8">
         <name>.debug_info</name>
         <load_address>0x1df83</load_address>
         <run_address>0x1df83</run_address>
         <size>0x39</size>
         <input_file_ref idref="fl-28"/>
      </object_component>
      <object_component id="oc-14d">
         <name>.debug_info</name>
         <load_address>0x1dfbc</load_address>
         <run_address>0x1dfbc</run_address>
         <size>0x122</size>
         <input_file_ref idref="fl-29"/>
      </object_component>
      <object_component id="oc-2d3">
         <name>.debug_info</name>
         <load_address>0x1e0de</load_address>
         <run_address>0x1e0de</run_address>
         <size>0x2c9</size>
         <input_file_ref idref="fl-2a"/>
      </object_component>
      <object_component id="oc-20e">
         <name>.debug_info</name>
         <load_address>0x1e3a7</load_address>
         <run_address>0x1e3a7</run_address>
         <size>0x11e</size>
         <input_file_ref idref="fl-2a"/>
      </object_component>
      <object_component id="oc-2cf">
         <name>.debug_info</name>
         <load_address>0x1e4c5</load_address>
         <run_address>0x1e4c5</run_address>
         <size>0x12e</size>
         <input_file_ref idref="fl-2a"/>
      </object_component>
      <object_component id="oc-378">
         <name>.debug_info</name>
         <load_address>0x1e5f3</load_address>
         <run_address>0x1e5f3</run_address>
         <size>0x29c</size>
         <input_file_ref idref="fl-2b"/>
      </object_component>
      <object_component id="oc-317">
         <name>.debug_info</name>
         <load_address>0x1e88f</load_address>
         <run_address>0x1e88f</run_address>
         <size>0x1da</size>
         <input_file_ref idref="fl-2b"/>
      </object_component>
      <object_component id="oc-30d">
         <name>.debug_info</name>
         <load_address>0x1ea69</load_address>
         <run_address>0x1ea69</run_address>
         <size>0x2b9</size>
         <input_file_ref idref="fl-2c"/>
      </object_component>
      <object_component id="oc-28b">
         <name>.debug_info</name>
         <load_address>0x1ed22</load_address>
         <run_address>0x1ed22</run_address>
         <size>0x17c</size>
         <input_file_ref idref="fl-2c"/>
      </object_component>
      <object_component id="oc-36e">
         <name>.debug_info</name>
         <load_address>0x1ee9e</load_address>
         <run_address>0x1ee9e</run_address>
         <size>0xf9</size>
         <input_file_ref idref="fl-2d"/>
      </object_component>
      <object_component id="oc-30a">
         <name>.debug_info</name>
         <load_address>0x1ef97</load_address>
         <run_address>0x1ef97</run_address>
         <size>0x105</size>
         <input_file_ref idref="fl-2d"/>
      </object_component>
      <object_component id="oc-2d7">
         <name>.debug_info</name>
         <load_address>0x1f09c</load_address>
         <run_address>0x1f09c</run_address>
         <size>0x144</size>
         <input_file_ref idref="fl-2e"/>
      </object_component>
      <object_component id="oc-211">
         <name>.debug_info</name>
         <load_address>0x1f1e0</load_address>
         <run_address>0x1f1e0</run_address>
         <size>0x102</size>
         <input_file_ref idref="fl-2e"/>
      </object_component>
      <object_component id="oc-349">
         <name>.debug_info</name>
         <load_address>0x1f2e2</load_address>
         <run_address>0x1f2e2</run_address>
         <size>0x2a7</size>
         <input_file_ref idref="fl-2f"/>
      </object_component>
      <object_component id="oc-2ae">
         <name>.debug_info</name>
         <load_address>0x1f589</load_address>
         <run_address>0x1f589</run_address>
         <size>0x1b8</size>
         <input_file_ref idref="fl-2f"/>
      </object_component>
      <object_component id="oc-38d">
         <name>.debug_info</name>
         <load_address>0x1f741</load_address>
         <run_address>0x1f741</run_address>
         <size>0x29a</size>
         <input_file_ref idref="fl-30"/>
      </object_component>
      <object_component id="oc-344">
         <name>.debug_info</name>
         <load_address>0x1f9db</load_address>
         <run_address>0x1f9db</run_address>
         <size>0x262</size>
         <input_file_ref idref="fl-30"/>
      </object_component>
      <object_component id="oc-228">
         <name>.debug_info</name>
         <load_address>0x1fc3d</load_address>
         <run_address>0x1fc3d</run_address>
         <size>0x28f</size>
         <input_file_ref idref="fl-31"/>
      </object_component>
      <object_component id="oc-142">
         <name>.debug_info</name>
         <load_address>0x1fecc</load_address>
         <run_address>0x1fecc</run_address>
         <size>0x245</size>
         <input_file_ref idref="fl-31"/>
      </object_component>
      <object_component id="oc-355">
         <name>.debug_info</name>
         <load_address>0x20111</load_address>
         <run_address>0x20111</run_address>
         <size>0x289</size>
         <input_file_ref idref="fl-32"/>
      </object_component>
      <object_component id="oc-352">
         <name>.debug_info</name>
         <load_address>0x2039a</load_address>
         <run_address>0x2039a</run_address>
         <size>0x10e</size>
         <input_file_ref idref="fl-32"/>
      </object_component>
      <object_component id="oc-2bd">
         <name>.debug_info</name>
         <load_address>0x204a8</load_address>
         <run_address>0x204a8</run_address>
         <size>0x14e</size>
         <input_file_ref idref="fl-32"/>
      </object_component>
      <object_component id="oc-350">
         <name>.debug_info</name>
         <load_address>0x205f6</load_address>
         <run_address>0x205f6</run_address>
         <size>0x28f</size>
         <input_file_ref idref="fl-33"/>
      </object_component>
      <object_component id="oc-2b5">
         <name>.debug_info</name>
         <load_address>0x20885</load_address>
         <run_address>0x20885</run_address>
         <size>0x15a</size>
         <input_file_ref idref="fl-33"/>
      </object_component>
      <object_component id="oc-390">
         <name>.debug_info</name>
         <load_address>0x209df</load_address>
         <run_address>0x209df</run_address>
         <size>0x46</size>
         <input_file_ref idref="fl-33"/>
      </object_component>
      <object_component id="oc-34b">
         <name>.debug_info</name>
         <load_address>0x20a25</load_address>
         <run_address>0x20a25</run_address>
         <size>0x39</size>
         <input_file_ref idref="fl-33"/>
      </object_component>
      <object_component id="oc-37e">
         <name>.debug_info</name>
         <load_address>0x20a5e</load_address>
         <run_address>0x20a5e</run_address>
         <size>0x29a</size>
         <input_file_ref idref="fl-34"/>
      </object_component>
      <object_component id="oc-336">
         <name>.debug_info</name>
         <load_address>0x20cf8</load_address>
         <run_address>0x20cf8</run_address>
         <size>0x18e</size>
         <input_file_ref idref="fl-34"/>
      </object_component>
      <object_component id="oc-3a7">
         <name>.debug_info</name>
         <load_address>0x20e86</load_address>
         <run_address>0x20e86</run_address>
         <size>0x39</size>
         <input_file_ref idref="fl-34"/>
      </object_component>
      <object_component id="oc-37f">
         <name>.debug_info</name>
         <load_address>0x20ebf</load_address>
         <run_address>0x20ebf</run_address>
         <size>0x2c</size>
         <input_file_ref idref="fl-34"/>
      </object_component>
      <object_component id="oc-38b">
         <name>.debug_info</name>
         <load_address>0x20eeb</load_address>
         <run_address>0x20eeb</run_address>
         <size>0x2fd</size>
         <input_file_ref idref="fl-35"/>
      </object_component>
      <object_component id="oc-33f">
         <name>.debug_info</name>
         <load_address>0x211e8</load_address>
         <run_address>0x211e8</run_address>
         <size>0x1ad</size>
         <input_file_ref idref="fl-35"/>
      </object_component>
      <object_component id="oc-372">
         <name>.debug_info</name>
         <load_address>0x21395</load_address>
         <run_address>0x21395</run_address>
         <size>0x115</size>
         <input_file_ref idref="fl-36"/>
      </object_component>
      <object_component id="oc-388">
         <name>.debug_info</name>
         <load_address>0x214aa</load_address>
         <run_address>0x214aa</run_address>
         <size>0x161</size>
         <input_file_ref idref="fl-37"/>
      </object_component>
      <object_component id="oc-3dc">
         <name>.debug_info</name>
         <load_address>0x2160b</load_address>
         <run_address>0x2160b</run_address>
         <size>0x10f</size>
      </object_component>
      <object_component id="oc-a4">
         <name>.debug_line</name>
         <load_address>0x0</load_address>
         <run_address>0x0</run_address>
         <size>0xab</size>
         <input_file_ref idref="fl-3"/>
      </object_component>
      <object_component id="oc-24e">
         <name>.debug_line</name>
         <load_address>0xab</load_address>
         <run_address>0xab</run_address>
         <size>0x20</size>
         <input_file_ref idref="fl-4"/>
      </object_component>
      <object_component id="oc-6e">
         <name>.debug_line</name>
         <load_address>0xcb</load_address>
         <run_address>0xcb</run_address>
         <size>0x21d</size>
         <input_file_ref idref="fl-4"/>
      </object_component>
      <object_component id="oc-4b">
         <name>.debug_line</name>
         <load_address>0x2e8</load_address>
         <run_address>0x2e8</run_address>
         <size>0x20</size>
         <input_file_ref idref="fl-4"/>
      </object_component>
      <object_component id="oc-d8">
         <name>.debug_line</name>
         <load_address>0x308</load_address>
         <run_address>0x308</run_address>
         <size>0x7a</size>
         <input_file_ref idref="fl-4"/>
      </object_component>
      <object_component id="oc-1e3">
         <name>.debug_line</name>
         <load_address>0x382</load_address>
         <run_address>0x382</run_address>
         <size>0x67</size>
         <input_file_ref idref="fl-5"/>
      </object_component>
      <object_component id="oc-86">
         <name>.debug_line</name>
         <load_address>0x3e9</load_address>
         <run_address>0x3e9</run_address>
         <size>0x29e</size>
         <input_file_ref idref="fl-5"/>
      </object_component>
      <object_component id="oc-29">
         <name>.debug_line</name>
         <load_address>0x687</load_address>
         <run_address>0x687</run_address>
         <size>0x96</size>
         <input_file_ref idref="fl-5"/>
      </object_component>
      <object_component id="oc-164">
         <name>.debug_line</name>
         <load_address>0x71d</load_address>
         <run_address>0x71d</run_address>
         <size>0x7a</size>
         <input_file_ref idref="fl-5"/>
      </object_component>
      <object_component id="oc-9e">
         <name>.debug_line</name>
         <load_address>0x797</load_address>
         <run_address>0x797</run_address>
         <size>0x70</size>
         <input_file_ref idref="fl-5"/>
      </object_component>
      <object_component id="oc-b0">
         <name>.debug_line</name>
         <load_address>0x807</load_address>
         <run_address>0x807</run_address>
         <size>0x20</size>
         <input_file_ref idref="fl-5"/>
      </object_component>
      <object_component id="oc-ab">
         <name>.debug_line</name>
         <load_address>0x827</load_address>
         <run_address>0x827</run_address>
         <size>0x6b</size>
         <input_file_ref idref="fl-5"/>
      </object_component>
      <object_component id="oc-22c">
         <name>.debug_line</name>
         <load_address>0x892</load_address>
         <run_address>0x892</run_address>
         <size>0x7e</size>
         <input_file_ref idref="fl-5"/>
      </object_component>
      <object_component id="oc-149">
         <name>.debug_line</name>
         <load_address>0x910</load_address>
         <run_address>0x910</run_address>
         <size>0x7b</size>
         <input_file_ref idref="fl-5"/>
      </object_component>
      <object_component id="oc-b5">
         <name>.debug_line</name>
         <load_address>0x98b</load_address>
         <run_address>0x98b</run_address>
         <size>0x6e</size>
         <input_file_ref idref="fl-5"/>
      </object_component>
      <object_component id="oc-169">
         <name>.debug_line</name>
         <load_address>0x9f9</load_address>
         <run_address>0x9f9</run_address>
         <size>0x6b</size>
         <input_file_ref idref="fl-5"/>
      </object_component>
      <object_component id="oc-ee">
         <name>.debug_line</name>
         <load_address>0xa64</load_address>
         <run_address>0xa64</run_address>
         <size>0x67</size>
         <input_file_ref idref="fl-5"/>
      </object_component>
      <object_component id="oc-182">
         <name>.debug_line</name>
         <load_address>0xacb</load_address>
         <run_address>0xacb</run_address>
         <size>0x6b</size>
         <input_file_ref idref="fl-5"/>
      </object_component>
      <object_component id="oc-283">
         <name>.debug_line</name>
         <load_address>0xb36</load_address>
         <run_address>0xb36</run_address>
         <size>0x20</size>
         <input_file_ref idref="fl-6"/>
      </object_component>
      <object_component id="oc-131">
         <name>.debug_line</name>
         <load_address>0xb56</load_address>
         <run_address>0xb56</run_address>
         <size>0x1ae</size>
         <input_file_ref idref="fl-6"/>
      </object_component>
      <object_component id="oc-173">
         <name>.debug_line</name>
         <load_address>0xd04</load_address>
         <run_address>0xd04</run_address>
         <size>0x6b</size>
         <input_file_ref idref="fl-6"/>
      </object_component>
      <object_component id="oc-287">
         <name>.debug_line</name>
         <load_address>0xd6f</load_address>
         <run_address>0xd6f</run_address>
         <size>0x67</size>
         <input_file_ref idref="fl-6"/>
      </object_component>
      <object_component id="oc-2e9">
         <name>.debug_line</name>
         <load_address>0xdd6</load_address>
         <run_address>0xdd6</run_address>
         <size>0x20</size>
         <input_file_ref idref="fl-7"/>
      </object_component>
      <object_component id="oc-194">
         <name>.debug_line</name>
         <load_address>0xdf6</load_address>
         <run_address>0xdf6</run_address>
         <size>0x76</size>
         <input_file_ref idref="fl-7"/>
      </object_component>
      <object_component id="oc-1b0">
         <name>.debug_line</name>
         <load_address>0xe6c</load_address>
         <run_address>0xe6c</run_address>
         <size>0x7f</size>
         <input_file_ref idref="fl-7"/>
      </object_component>
      <object_component id="oc-1bf">
         <name>.debug_line</name>
         <load_address>0xeeb</load_address>
         <run_address>0xeeb</run_address>
         <size>0x6b</size>
         <input_file_ref idref="fl-7"/>
      </object_component>
      <object_component id="oc-2ed">
         <name>.debug_line</name>
         <load_address>0xf56</load_address>
         <run_address>0xf56</run_address>
         <size>0x67</size>
         <input_file_ref idref="fl-7"/>
      </object_component>
      <object_component id="oc-247">
         <name>.debug_line</name>
         <load_address>0xfbd</load_address>
         <run_address>0xfbd</run_address>
         <size>0x20</size>
         <input_file_ref idref="fl-8"/>
      </object_component>
      <object_component id="oc-96">
         <name>.debug_line</name>
         <load_address>0xfdd</load_address>
         <run_address>0xfdd</run_address>
         <size>0x15d</size>
         <input_file_ref idref="fl-8"/>
      </object_component>
      <object_component id="oc-1a1">
         <name>.debug_line</name>
         <load_address>0x113a</load_address>
         <run_address>0x113a</run_address>
         <size>0x6b</size>
         <input_file_ref idref="fl-8"/>
      </object_component>
      <object_component id="oc-1a6">
         <name>.debug_line</name>
         <load_address>0x11a5</load_address>
         <run_address>0x11a5</run_address>
         <size>0x6e</size>
         <input_file_ref idref="fl-8"/>
      </object_component>
      <object_component id="oc-1ab">
         <name>.debug_line</name>
         <load_address>0x1213</load_address>
         <run_address>0x1213</run_address>
         <size>0x6b</size>
         <input_file_ref idref="fl-8"/>
      </object_component>
      <object_component id="oc-233">
         <name>.debug_line</name>
         <load_address>0x127e</load_address>
         <run_address>0x127e</run_address>
         <size>0x6b</size>
         <input_file_ref idref="fl-8"/>
      </object_component>
      <object_component id="oc-24b">
         <name>.debug_line</name>
         <load_address>0x12e9</load_address>
         <run_address>0x12e9</run_address>
         <size>0x6b</size>
         <input_file_ref idref="fl-8"/>
      </object_component>
      <object_component id="oc-15d">
         <name>.debug_line</name>
         <load_address>0x1354</load_address>
         <run_address>0x1354</run_address>
         <size>0x6b</size>
         <input_file_ref idref="fl-8"/>
      </object_component>
      <object_component id="oc-1b5">
         <name>.debug_line</name>
         <load_address>0x13bf</load_address>
         <run_address>0x13bf</run_address>
         <size>0x6b</size>
         <input_file_ref idref="fl-8"/>
      </object_component>
      <object_component id="oc-1e0">
         <name>.debug_line</name>
         <load_address>0x142a</load_address>
         <run_address>0x142a</run_address>
         <size>0x70</size>
         <input_file_ref idref="fl-8"/>
      </object_component>
      <object_component id="oc-202">
         <name>.debug_line</name>
         <load_address>0x149a</load_address>
         <run_address>0x149a</run_address>
         <size>0x67</size>
         <input_file_ref idref="fl-8"/>
      </object_component>
      <object_component id="oc-1ba">
         <name>.debug_line</name>
         <load_address>0x1501</load_address>
         <run_address>0x1501</run_address>
[...]
         <value>0x8ac0</value>
         <object_component_ref idref="oc-e3"/>
      </symbol>
      <symbol id="sm-3d0">
         <name>_pmuResetCycleCounter_</name>
         <value>0x8a60</value>
         <object_component_ref idref="oc-e3"/>
      </symbol>
      <symbol id="sm-3d1">
         <name>_pmuSetCountEvent_</name>
         <value>0x8aa0</value>
         <object_component_ref idref="oc-e3"/>
      </symbol>
      <symbol id="sm-3d2">
         <name>_pmuGetCycleCount_</name>
         <value>0x8aac</value>
         <object_component_ref idref="oc-e3"/>
      </symbol>
      <symbol id="sm-3d3">
         <name>_pmuEnableCountersGlobal_</name>
         <value>0x8a40</value>
         <object_component_ref idref="oc-e3"/>
      </symbol>
      <symbol id="sm-3d4">
         <name>_pmuDisableCountersGlobal_</name>
         <value>0x8a50</value>
         <object_component_ref idref="oc-e3"/>
      </symbol>
      <symbol id="sm-3d5">
         <name>_pmuStartCounters_</name>
         <value>0x8a90</value>
         <object_component_ref idref="oc-e3"/>
      </symbol>
      <symbol id="sm-595">
         <name>pbistSelfCheck</name>
         <value>0x2cc</value>
         <object_component_ref idref="oc-7c"/>
      </symbol>
      <symbol id="sm-596">
         <name>fmcBus1ParityCheck</name>
         <value>0x22c4</value>
         <object_component_ref idref="oc-7c"/>
      </symbol>
      <symbol id="sm-597">
         <name>can1ParityCheck</name>
         <value>0x1410</value>
         <object_component_ref idref="oc-7c"/>
      </symbol>
      <symbol id="sm-598">
         <name>enableParity</name>
         <value>0x2ad0</value>
         <object_component_ref idref="oc-7c"/>
      </symbol>
      <symbol id="sm-599">
         <name>dmaParityCheck</name>
         <value>0xeac</value>
         <object_component_ref idref="oc-7c"/>
      </symbol>
      <symbol id="sm-59a">
         <name>custom_dabort</name>
         <value>0xdf4</value>
         <object_component_ref idref="oc-7c"/>
      </symbol>
      <symbol id="sm-59b">
         <name>memoryInit</name>
         <value>0x174</value>
         <object_component_ref idref="oc-7c"/>
      </symbol>
      <symbol id="sm-59c">
         <name>stcSelfCheck</name>
         <value>0x1b8</value>
         <object_component_ref idref="oc-7c"/>
      </symbol>
      <symbol id="sm-59d">
         <name>efcGetConfigValue</name>
         <value>0x2660</value>
         <object_component_ref idref="oc-7c"/>
      </symbol>
      <symbol id="sm-59e">
         <name>can2ParityCheck</name>
         <value>0x14e8</value>
         <object_component_ref idref="oc-7c"/>
      </symbol>
      <symbol id="sm-59f">
         <name>het1ParityCheck</name>
         <value>0xf58</value>
         <object_component_ref idref="oc-7c"/>
      </symbol>
      <symbol id="sm-5a0">
         <name>adc1ParityCheck</name>
         <value>0x126c</value>
         <object_component_ref idref="oc-7c"/>
      </symbol>
      <symbol id="sm-5a1">
         <name>checkefcSelfTest</name>
         <value>0x7bc</value>
         <object_component_ref idref="oc-7c"/>
      </symbol>
      <symbol id="sm-5a2">
         <name>checkRAMECC</name>
         <value>0x19d0</value>
         <object_component_ref idref="oc-7c"/>
      </symbol>
      <symbol id="sm-5a3">
         <name>stcSelfCheckFail</name>
         <value>0xdf8</value>
         <object_component_ref idref="oc-7c"/>
      </symbol>
      <symbol id="sm-5a4">
         <name>ccmSelfCheck</name>
         <value>0x30</value>
         <object_component_ref idref="oc-7c"/>
      </symbol>
      <symbol id="sm-5a5">
         <name>efcCheck</name>
         <value>0x660</value>
         <object_component_ref idref="oc-7c"/>
      </symbol>
      <symbol id="sm-5a6">
         <name>het2ParityCheck</name>
         <value>0x10c0</value>
         <object_component_ref idref="oc-7c"/>
      </symbol>
      <symbol id="sm-5a7">
         <name>adc2ParityCheck</name>
         <value>0x1358</value>
         <object_component_ref idref="oc-7c"/>
      </symbol>
      <symbol id="sm-5a8">
         <name>cpuSelfTest</name>
         <value>0x234</value>
         <object_component_ref idref="oc-7c"/>
      </symbol>
      <symbol id="sm-5a9">
         <name>htu1ParityCheck</name>
         <value>0x1004</value>
         <object_component_ref idref="oc-7c"/>
      </symbol>
      <symbol id="sm-5aa">
         <name>checkFlashECC</name>
         <value>0xd18</value>
         <object_component_ref idref="oc-7c"/>
      </symbol>
      <symbol id="sm-5ab">
         <name>cpuSelfTestFail</name>
         <value>0xdfc</value>
         <object_component_ref idref="oc-7c"/>
      </symbol>
      <symbol id="sm-5ac">
         <name>checkPLL1Slip</name>
         <value>0x1e8c</value>
         <object_component_ref idref="oc-7c"/>
      </symbol>
      <symbol id="sm-5ad">
         <name>mibspi1ParityCheck</name>
         <value>0x1684</value>
         <object_component_ref idref="oc-7c"/>
      </symbol>
      <symbol id="sm-5ae">
         <name>ccmr4GetConfigValue</name>
         <value>0x26fc</value>
         <object_component_ref idref="oc-7c"/>
      </symbol>
      <symbol id="sm-5af">
         <name>htu2ParityCheck</name>
         <value>0x11bc</value>
         <object_component_ref idref="oc-7c"/>
      </symbol>
      <symbol id="sm-5b0">
         <name>pbistPortTestStatus</name>
         <value>0x608</value>
         <object_component_ref idref="oc-7c"/>
      </symbol>
      <symbol id="sm-5b1">
         <name>checkFlashEEPROMECC</name>
         <value>0x1cf4</value>
         <object_component_ref idref="oc-7c"/>
      </symbol>
      <symbol id="sm-5b2">
         <name>pbistGetConfigValue</name>
         <value>0x2470</value>
         <object_component_ref idref="oc-7c"/>
      </symbol>
      <symbol id="sm-5b3">
         <name>vimParityCheck</name>
         <value>0xe00</value>
         <object_component_ref idref="oc-7c"/>
      </symbol>
      <symbol id="sm-5b4">
         <name>pbistIsTestCompleted</name>
         <value>0x5a8</value>
         <object_component_ref idref="oc-7c"/>
      </symbol>
      <symbol id="sm-5b5">
         <name>disableParity</name>
         <value>0x2b58</value>
         <object_component_ref idref="oc-7c"/>
      </symbol>
      <symbol id="sm-5b6">
         <name>pbistRun</name>
         <value>0x4ac</value>
         <object_component_ref idref="oc-7c"/>
      </symbol>
      <symbol id="sm-5b7">
         <name>pbistFail</name>
         <value>0x23ec</value>
         <object_component_ref idref="oc-7c"/>
      </symbol>
      <symbol id="sm-5b8">
         <name>selftestFailNotification</name>
         <value>0x20</value>
         <object_component_ref idref="oc-7c"/>
      </symbol>
      <symbol id="sm-5b9">
         <name>errata_PBIST_4</name>
         <value>0x276c</value>
         <object_component_ref idref="oc-7c"/>
      </symbol>
      <symbol id="sm-5ba">
         <name>mibspi3ParityCheck</name>
         <value>0x178c</value>
         <object_component_ref idref="oc-7c"/>
      </symbol>
      <symbol id="sm-5bb">
         <name>efcSelfTest</name>
         <value>0x794</value>
         <object_component_ref idref="oc-7c"/>
      </symbol>
      <symbol id="sm-5bc">
         <name>checkB1RAMECC</name>
         <value>0xb28</value>
         <object_component_ref idref="oc-7c"/>
      </symbol>
      <symbol id="sm-5bd">
         <name>pbistStop</name>
         <value>0x578</value>
         <object_component_ref idref="oc-7c"/>
      </symbol>
      <symbol id="sm-5be">
         <name>can3ParityCheck</name>
         <value>0x15b0</value>
         <object_component_ref idref="oc-7c"/>
      </symbol>
      <symbol id="sm-5bf">
         <name>checkRAMAddrParity</name>
         <value>0x2050</value>
         <object_component_ref idref="oc-7c"/>
      </symbol>
      <symbol id="sm-5c0">
         <name>mibspi5ParityCheck</name>
         <value>0x18b0</value>
         <object_component_ref idref="oc-7c"/>
      </symbol>
      <symbol id="sm-5c1">
         <name>checkB0RAMECC</name>
         <value>0x938</value>
         <object_component_ref idref="oc-7c"/>
      </symbol>
      <symbol id="sm-5c2">
         <name>stcGetConfigValue</name>
         <value>0x25bc</value>
         <object_component_ref idref="oc-7c"/>
      </symbol>
      <symbol id="sm-5c3">
         <name>pbistIsTestPassed</name>
         <value>0x5d4</value>
         <object_component_ref idref="oc-7c"/>
      </symbol>
      <symbol id="sm-5c4">
         <name>checkClockMonitor</name>
         <value>0x1c18</value>
         <object_component_ref idref="oc-7c"/>
      </symbol>
      <symbol id="sm-5c5">
         <name>fmcECCcheck</name>
         <value>0x898</value>
         <object_component_ref idref="oc-7c"/>
      </symbol>
      <symbol id="sm-5c6">
         <name>fmcBus2Check</name>
         <value>0x85c</value>
         <object_component_ref idref="oc-7c"/>
      </symbol>
      <symbol id="sm-5c7">
         <name>checkRAMUERRTest</name>
         <value>0x215c</value>
         <object_component_ref idref="oc-7c"/>
      </symbol>
      <symbol id="sm-5c8">
         <name>efcStuckZeroTest</name>
         <value>0x6e8</value>
         <object_component_ref idref="oc-7c"/>
      </symbol>
      <symbol id="sm-5c9">
         <name>checkPLL2Slip</name>
         <value>0x1f8c</value>
         <object_component_ref idref="oc-7c"/>
      </symbol>
      <symbol id="sm-5fd">
         <name>_c_int00</name>
         <value>0x791c</value>
         <object_component_ref idref="oc-1c"/>
      </symbol>
      <symbol id="sm-5fe">
         <name>handlePLLLockFail</name>
         <value>0x90ec</value>
         <object_component_ref idref="oc-70"/>
      </symbol>
      <symbol id="sm-695">
         <name>vimChannelMap</name>
         <value>0x4398</value>
         <object_component_ref idref="oc-39"/>
      </symbol>
      <symbol id="sm-696">
         <name>vimInit</name>
         <value>0x42c4</value>
         <object_component_ref idref="oc-39"/>
      </symbol>
      <symbol id="sm-697">
         <name>vimEnableInterrupt</name>
         <value>0x443c</value>
         <object_component_ref idref="oc-39"/>
      </symbol>
      <symbol id="sm-698">
         <name>vimDisableInterrupt</name>
         <value>0x4594</value>
         <object_component_ref idref="oc-39"/>
      </symbol>
      <symbol id="sm-699">
         <name>vimGetConfigValue</name>
         <value>0x4618</value>
         <object_component_ref idref="oc-39"/>
      </symbol>
      <symbol id="sm-69a">
         <name>vimParityErrorHandler</name>
         <value>0x7bc0</value>
         <object_component_ref idref="oc-36"/>
      </symbol>
      <symbol id="sm-6f6">
         <name>systemGetConfigValue</name>
         <value>0x3090</value>
         <object_component_ref idref="oc-76"/>
      </symbol>
      <symbol id="sm-6f7">
         <name>trimLPO</name>
         <value>0x2d5c</value>
         <object_component_ref idref="oc-76"/>
      </symbol>
      <symbol id="sm-6f8">
         <name>systemInit</name>
         <value>0x2f94</value>
         <object_component_ref idref="oc-76"/>
      </symbol>
      <symbol id="sm-6f9">
         <name>customTrimLPO</name>
         <value>0x3794</value>
         <object_component_ref idref="oc-76"/>
      </symbol>
      <symbol id="sm-6fa">
         <name>tcmflashGetConfigValue</name>
         <value>0x34ac</value>
         <object_component_ref idref="oc-76"/>
      </symbol>
      <symbol id="sm-6fb">
         <name>sramGetConfigValue</name>
         <value>0x3658</value>
         <object_component_ref idref="oc-76"/>
      </symbol>
      <symbol id="sm-6fc">
         <name>periphInit</name>
         <value>0x2e18</value>
         <object_component_ref idref="oc-76"/>
      </symbol>
      <symbol id="sm-6fd">
         <name>setupFlash</name>
         <value>0x2dd8</value>
         <object_component_ref idref="oc-76"/>
      </symbol>
      <symbol id="sm-6fe">
         <name>setupPLL</name>
         <value>0x2cfc</value>
         <object_component_ref idref="oc-76"/>
      </symbol>
      <symbol id="sm-6ff">
         <name>mapClocks</name>
         <value>0x2e6c</value>
         <object_component_ref idref="oc-76"/>
      </symbol>
      <symbol id="sm-700">
         <name>systemPowerDown</name>
         <value>0x3060</value>
         <object_component_ref idref="oc-76"/>
      </symbol>
      <symbol id="sm-726">
         <name>floorl</name>
         <value>0x8915</value>
         <object_component_ref idref="oc-1f3"/>
      </symbol>
      <symbol id="sm-727">
         <name>floor</name>
         <value>0x8915</value>
         <object_component_ref idref="oc-1f3"/>
      </symbol>
      <symbol id="sm-753">
         <name>printf</name>
         <value>0x8df5</value>
         <object_component_ref idref="oc-133"/>
      </symbol>
      <symbol id="sm-8af">
         <name>__TI_printfi</name>
         <value>0x3875</value>
         <object_component_ref idref="oc-207"/>
      </symbol>
      <symbol id="sm-8ca">
         <name>memcpy</name>
         <value>0x8b83</value>
         <object_component_ref idref="oc-4d"/>
      </symbol>
      <symbol id="sm-8cb">
         <name>__aeabi_memcpy</name>
         <value>0x8b83</value>
         <object_component_ref idref="oc-4d"/>
      </symbol>
      <symbol id="sm-8cc">
         <name>__aeabi_memcpy8</name>
         <value>0x8b83</value>
         <object_component_ref idref="oc-4d"/>
      </symbol>
      <symbol id="sm-8cd">
         <name>__aeabi_memcpy4</name>
         <value>0x8b83</value>
         <object_component_ref idref="oc-4d"/>
      </symbol>
      <symbol id="sm-8dc">
         <name>__aeabi_memset</name>
         <value>0x8c9b</value>
         <object_component_ref idref="oc-cd"/>
      </symbol>
      <symbol id="sm-8dd">
         <name>memset</name>
         <value>0x8ca1</value>
         <object_component_ref idref="oc-cd"/>
      </symbol>
      <symbol id="sm-8de">
         <name>__aeabi_memset8</name>
         <value>0x8c9b</value>
         <object_component_ref idref="oc-cd"/>
      </symbol>
      <symbol id="sm-8df">
         <name>__aeabi_memset4</name>
         <value>0x8c9b</value>
         <object_component_ref idref="oc-cd"/>
      </symbol>
      <symbol id="sm-8e0">
         <name>__aeabi_memclr8</name>
         <value>0x8c99</value>
         <object_component_ref idref="oc-cd"/>
      </symbol>
      <symbol id="sm-8e1">
         <name>__aeabi_memclr4</name>
         <value>0x8c99</value>
         <object_component_ref idref="oc-cd"/>
      </symbol>
      <symbol id="sm-8e2">
         <name>__aeabi_memclr</name>
         <value>0x8c99</value>
         <object_component_ref idref="oc-cd"/>
      </symbol>
      <symbol id="sm-8fe">
         <name>__aeabi_uldivmod</name>
         <value>0x7668</value>
         <object_component_ref idref="oc-30e"/>
      </symbol>
      <symbol id="sm-926">
         <name>__TI_auto_init_nobinit_nopinit</name>
         <value>0x8fa5</value>
         <object_component_ref idref="oc-f1"/>
      </symbol>
      <symbol id="sm-93b">
         <name>__TI_zero_init_nomemset</name>
         <value>0x906d</value>
         <object_component_ref idref="oc-59"/>
      </symbol>
      <symbol id="sm-952">
         <name>__TI_decompress_none</name>
         <value>0x90c7</value>
         <object_component_ref idref="oc-15"/>
      </symbol>
      <symbol id="sm-975">
         <name>__TI_decompress_lzss</name>
         <value>0x8d89</value>
         <object_component_ref idref="oc-f"/>
      </symbol>
      <symbol id="sm-980">
         <name>C$$EXIT</name>
         <value>0x90e5</value>
         <object_component_ref idref="oc-14c"/>
      </symbol>
      <symbol id="sm-981">
         <name>abort</name>
         <value>0x90e5</value>
         <object_component_ref idref="oc-14c"/>
      </symbol>
      <symbol id="sm-996">
         <name>_nop</name>
         <value>0x42c3</value>
         <object_component_ref idref="oc-2cb"/>
      </symbol>
      <symbol id="sm-997">
         <name>_lock</name>
         <value>0x80015f0</value>
         <object_component_ref idref="oc-20d"/>
      </symbol>
      <symbol id="sm-998">
         <name>_unlock</name>
         <value>0x80015f4</value>
         <object_component_ref idref="oc-20d"/>
      </symbol>
      <symbol id="sm-9a7">
         <name>__TI_ltoa</name>
         <value>0x8e5d</value>
         <object_component_ref idref="oc-314"/>
      </symbol>
      <symbol id="sm-9bc">
         <name>atoi</name>
         <value>0x8f55</value>
         <object_component_ref idref="oc-289"/>
      </symbol>
      <symbol id="sm-9c7">
         <name>_ctypes_</name>
         <value>0x9280</value>
         <object_component_ref idref="oc-309"/>
      </symbol>
      <symbol id="sm-9d3">
         <name>_ftable</name>
         <value>0x8001500</value>
         <object_component_ref idref="oc-210"/>
      </symbol>
      <symbol id="sm-9e3">
         <name>memccpy</name>
         <value>0x9029</value>
         <object_component_ref idref="oc-2ad"/>
      </symbol>
      <symbol id="sm-9f3">
         <name>strchr</name>
         <value>0x9089</value>
         <object_component_ref idref="oc-341"/>
      </symbol>
      <symbol id="sm-a01">
         <name>strlen</name>
         <value>0x909f</value>
         <object_component_ref idref="oc-13f"/>
      </symbol>
      <symbol id="sm-a17">
         <name>__aeabi_errno_addr</name>
         <value>0x90d5</value>
         <object_component_ref idref="oc-2b9"/>
      </symbol>
      <symbol id="sm-a18">
         <name>errno</name>
         <value>0x80015f8</value>
         <object_component_ref idref="oc-351"/>
      </symbol>
      <symbol id="sm-a31">
         <name>wcslen</name>
         <value>0x90b5</value>
         <object_component_ref idref="oc-2b3"/>
      </symbol>
      <symbol id="sm-a4f">
         <name>frexpl</name>
         <value>0x8d15</value>
         <object_component_ref idref="oc-335"/>
      </symbol>
      <symbol id="sm-a50">
         <name>frexp</name>
         <value>0x8d15</value>
         <object_component_ref idref="oc-335"/>
      </symbol>
      <symbol id="sm-a6d">
         <name>scalbn</name>
         <value>0x8659</value>
         <object_component_ref idref="oc-33b"/>
      </symbol>
      <symbol id="sm-a6e">
         <name>scalbnl</name>
         <value>0x8659</value>
         <object_component_ref idref="oc-33b"/>
      </symbol>
      <symbol id="sm-a6f">
         <name>ldexpl</name>
         <value>0x8659</value>
         <object_component_ref idref="oc-33b"/>
      </symbol>
      <symbol id="sm-a70">
         <name>ldexp</name>
         <value>0x8659</value>
         <object_component_ref idref="oc-33b"/>
      </symbol>
      <symbol id="sm-a7a">
         <name>__aeabi_idiv0</name>
         <value>0x8d13</value>
         <object_component_ref idref="oc-371"/>
      </symbol>
      <symbol id="sm-a7b">
         <name>__aeabi_ldiv0</name>
         <value>0x8d13</value>
         <object_component_ref idref="oc-371"/>
      </symbol>
      <symbol id="sm-a85">
         <name>copysign</name>
         <value>0x904f</value>
         <object_component_ref idref="oc-384"/>
      </symbol>
      <symbol id="sm-a86">
         <name>copysignl</name>
         <value>0x904f</value>
         <object_component_ref idref="oc-384"/>
      </symbol>
      <symbol id="sm-a87">
         <name>__TI_static_base__</name>
         <value>0x0</value>
      </symbol>
      <symbol id="sm-a8c">
         <name>SHT$$INIT_ARRAY$$Base</name>
         <value>0x0</value>
      </symbol>
      <symbol id="sm-a8d">
         <name>SHT$$INIT_ARRAY$$Limit</name>
         <value>0x0</value>
      </symbol>
      <symbol id="sm-a8e">
         <name>_system_post_cinit</name>
         <value>0x0</value>
      </symbol>
   </symbol_table>
   <title>Link successful</title>
</link_info>
